<html>
<body>
<pre>
<h1>µVision Build Log</h1>
<h2>Tool Versions:</h2>
IDE-Version: ¦ÌVision V5.36.0.0
Copyright (C) 2021 ARM Ltd and ARM Germany GmbH. All rights reserved.
License Information: BeanPaste Chen, BBSTR, LIC=PE7GK-Z1S5Q-HL1CL-0V5WQ-QP61J-6NZ6P
 
Tool Versions:
Toolchain:       MDK-ARM Plus  Version: 5.36.0.0
Toolchain Path:  d:\Keil_v5\ARM\ARMCC\Bin
C Compiler:      Armcc.exe V5.06 update 7 (build 960)
Assembler:       Armasm.exe V5.06 update 7 (build 960)
Linker/Locator:  ArmLink.exe V5.06 update 7 (build 960)
Library Manager: ArmAr.exe V5.06 update 7 (build 960)
Hex Converter:   FromElf.exe V5.06 update 7 (build 960)
CPU DLL:         SARMCM3.DLL V5.36.0.0
Dialog DLL:      DCM.DLL V1.17.3.0
Target DLL:      STLink\ST-LINKIII-KEIL_SWO.dll V3.0.9.0
Dialog DLL:      TCM.DLL V1.53.0.0
 
<h2>Project:</h2>
D:\MCU_Project\StepSolider\Project\StepSolider.uvprojx
Project File Date:  05/24/2022

<h2>Output:</h2>
  
Warning: *** SUPPORT EXPIRED, NEW PRODUCT SERIAL NUMBER REQUIRED ***
         *** Running with Code Size Limit: 32K                   ***
*** Using Compiler 'V5.06 update 7 (build 960)', folder: 'd:\Keil_v5\ARM\ARMCC\Bin'
Rebuild target 'StepSolider'
assembling startup_stm32f10x_md.s...
compiling BlueTooth.c...
compiling stm32f10x_it.c...
compiling Timer.c...
compiling stm32f10x_cec.c...
compiling system_stm32f10x.c...
compiling misc.c...
compiling delay.c...
..\User\Delay\delay.c(48): warning:  #1-D: last line of file ends without a newline
  }
..\User\Delay\delay.c: 1 warning, 0 errors
compiling core_cm3.c...
compiling DMA_Extension.c...
compiling stm32f10x_bkp.c...
compiling main.c...
..\User\Motor\motor.h(21): warning:  #1295-D: Deprecated declaration PullMotor_Stop - give arg types
  void PullMotor_Stop();
..\User\main.c: 1 warning, 0 errors
compiling Motor.c...
compiling stm32f10x_can.c...
compiling stm32f10x_adc.c...
compiling RC.c...
..\User\Motor\motor.h(21): warning:  #1295-D: Deprecated declaration PullMotor_Stop - give arg types
  void PullMotor_Stop();
..\User\RemoteControl\RC.c: 1 warning, 0 errors
compiling stm32f10x_crc.c...
compiling stm32f10x_dac.c...
compiling stm32f10x_dbgmcu.c...
compiling stm32f10x_exti.c...
compiling stm32f10x_dma.c...
compiling stm32f10x_fsmc.c...
compiling stm32f10x_flash.c...
compiling stm32f10x_gpio.c...
compiling stm32f10x_iwdg.c...
compiling stm32f10x_pwr.c...
compiling stm32f10x_i2c.c...
compiling stm32f10x_rtc.c...
compiling stm32f10x_spi.c...
compiling stm32f10x_rcc.c...
compiling stm32f10x_wwdg.c...
compiling stm32f10x_sdio.c...
compiling stm32f10x_usart.c...
compiling stm32f10x_tim.c...
linking...
Program Size: Code=7992 RO-data=268 RW-data=40 ZI-data=1064  
FromELF: creating hex file...
".\Objects\StepSolider.axf" - 0 Error(s), 4 Warning(s).

<h2>Software Packages used:</h2>

Package Vendor: Keil
                http://www.keil.com/pack/Keil.STM32F1xx_DFP.2.4.0.pack
                Keil.STM32F1xx_DFP.2.4.0
                STMicroelectronics STM32F1 Series Device Support, Drivers and Examples

<h2>Collection of Component include folders:</h2>
  d:\Keil_v5\ARM\PACK\Keil\STM32F1xx_DFP\2.4.0\Device\Include

<h2>Collection of Component Files used:</h2>
Build Time Elapsed:  00:00:02
</pre>
</body>
</html>
